Id 0: partitial sums 4950, 300, 1225, 0
Id 1: partitial sums 0, 925, 1190, 528
Id 2: partitial sums 0, 1550, 1240, 1683
Id 3: partitial sums 0, 2175, 1295, 2739
My world ID 0, in shrinked group: -1
My world ID 1, in shrinked group: 0
My world ID 2, in shrinked group: 1
My world ID 3, in shrinked group: 2
Total sums: 4950, 4950, 4950, 4950
